// Jest Snapshot v1, https://goo.gl/fbAQLP

exports[`renders the Card UI 1`] = `ShallowWrapper {}`;
