// Jest Snapshot v1, https://goo.gl/fbAQLP

exports[`CounterButton renders the CounterButton UI 1`] = `ShallowWrapper {}`;
